// Jest Snapshot v1, https://goo.gl/fbAQLP

exports[`<Topbar /> should render Topbar properly 1`] = `
<TopBar>
  <header
    className="topbar-wrapper"
  >
    <div
      className="user-wrapper"
    >
      <div
        className="burger-menu"
        onClick={[Function]}
      >
        <span />
        <span />
        <span />
      </div>
      <div
        className="mobile-logo"
      >
        <img
          alt="Logo"
          src="logo.png"
        />
      </div>
      <h2
        className="small-hide"
      >
        Hallo, 
        <span>
          Gadjian User
        </span>
      </h2>
      <img
        alt="User"
        className="profile-thumbnail"
        src="http://via.placeholder.com/80x80.png"
      />
    </div>
  </header>
</TopBar>
`;
